0 verbose cli C:\Program Files\nodejs\node.exe C:\Program Files\nodejs\node_modules\npm\bin\npm-cli.js
1 info using npm@11.6.2
2 info using node@v24.13.0
3 silly config load:file:C:\Program Files\nodejs\node_modules\npm\npmrc
4 silly config load:file:D:\APPS(d)\KryinEphor\KryinEphor\videos\kryin-ephor-hyperframes\.npmrc
5 silly config load:file:C:\Users\Narco\.npmrc
6 silly config load:file:C:\Users\Narco\AppData\Roaming\npm\etc\npmrc
7 verbose title npm exec hyperframes@0.7.68 capture https://kryin-ephor.vercel.app/ -o ./capture --max-screenshots 12 --timeout 60000
8 verbose argv "exec" "--cache" "..\\..\\.npm-cache" "--yes" "--" "hyperframes@0.7.68" "capture" "https://kryin-ephor.vercel.app/" "-o" "./capture" "--max-screenshots" "12" "--timeout" "60000"
9 verbose logfile logs-max:10 dir:D:\APPS(d)\KryinEphor\KryinEphor\.npm-cache\_logs\2026-07-23T17_06_47_027Z-
10 verbose logfile D:\APPS(d)\KryinEphor\KryinEphor\.npm-cache\_logs\2026-07-23T17_06_47_027Z-debug-0.log
11 silly logfile done cleaning log files
12 silly packumentCache heap:4496293888 maxSize:1124073472 maxEntrySize:562036736
13 http fetch GET 200 https://registry.npmjs.org/hyperframes 309ms (cache revalidated)
14 silly packumentCache heap:4496293888 maxSize:1124073472 maxEntrySize:562036736
15 silly packumentCache heap:4496293888 maxSize:1124073472 maxEntrySize:562036736
16 verbose cwd D:\APPS(d)\KryinEphor\KryinEphor\videos\kryin-ephor-hyperframes
17 verbose os Windows_NT 10.0.26200
18 verbose node v24.13.0
19 verbose npm  v11.6.2
20 verbose exit 0
21 info ok
