0 verbose cli C:\Program Files\nodejs\node.exe C:\Program Files\nodejs\node_modules\npm\bin\npm-cli.js
1 info using npm@11.6.2
2 info using node@v24.13.0
3 silly config load:file:C:\Program Files\nodejs\node_modules\npm\npmrc
4 silly config load:file:D:\APPS(d)\KryinEphor\KryinEphor\.npmrc
5 silly config load:file:C:\Users\Narco\.npmrc
6 silly config load:file:C:\Users\Narco\AppData\Roaming\npm\etc\npmrc
7 verbose title npm exec hyperframes init videos/kryin-ephor-hyperframes --non-interactive --example=blank --resolution landscape
8 verbose argv "exec" "--cache" ".\\.npm-cache" "--" "hyperframes" "init" "videos/kryin-ephor-hyperframes" "--non-interactive" "--example=blank" "--resolution" "landscape"
9 verbose logfile logs-max:10 dir:D:\APPS(d)\KryinEphor\KryinEphor\.npm-cache\_logs\2026-07-23T17_01_10_339Z-
10 verbose logfile D:\APPS(d)\KryinEphor\KryinEphor\.npm-cache\_logs\2026-07-23T17_01_10_339Z-debug-0.log
11 silly logfile done cleaning log files
12 silly packumentCache heap:4496293888 maxSize:1124073472 maxEntrySize:562036736
13 verbose shrinkwrap failed to load node_modules/.package-lock.json out of date, updated: node_modules
14 http fetch GET https://registry.npmjs.org/hyperframes attempt 1 failed with EACCES
15 http fetch GET https://registry.npmjs.org/hyperframes attempt 2 failed with EACCES
16 http fetch GET https://registry.npmjs.org/hyperframes attempt 3 failed with EACCES
17 http fetch GET 200 https://registry.npmjs.org/hyperframes 70262ms (cache stale)
18 silly packumentCache heap:4496293888 maxSize:1124073472 maxEntrySize:562036736
19 silly packumentCache heap:4496293888 maxSize:1124073472 maxEntrySize:562036736
